
Discarded input sections

 .data          0x0000000000000000        0x0 arch/arm/cpu/armv8/start.o
 .bss           0x0000000000000000        0x0 arch/arm/cpu/armv8/start.o
 .text.set_pgtable_section
                0x0000000000000000       0x14 arch/arm/cpu/armv8/built-in.o
 .text.dcache_status
                0x0000000000000000       0x34 arch/arm/cpu/armv8/built-in.o
 .text.icache_status
                0x0000000000000000       0x34 arch/arm/cpu/armv8/built-in.o
 .text.enable_caches
                0x0000000000000000       0x14 arch/arm/cpu/armv8/built-in.o
 .data          0x0000000000000000        0x0 arch/arm/cpu/armv8/built-in.o
 .bss           0x0000000000000000        0x0 arch/arm/cpu/armv8/built-in.o
 .text          0x0000000000000000        0x0 arch/arm/cpu/armv8/rk33xx/built-in.o
 .text.get_usec_timer
                0x0000000000000000       0xb8 arch/arm/cpu/armv8/rk33xx/built-in.o
 .text.get_tbclk
                0x0000000000000000        0x8 arch/arm/cpu/armv8/rk33xx/built-in.o
 .text.rkclk_set_pll_rate_by_id
                0x0000000000000000       0x28 arch/arm/cpu/armv8/rk33xx/built-in.o
 .text.rkclk_get_pll_rate_by_id
                0x0000000000000000        0x4 arch/arm/cpu/armv8/rk33xx/built-in.o
 .text.rkclk_get_sdhci_emmc_clk
                0x0000000000000000       0x84 arch/arm/cpu/armv8/rk33xx/built-in.o
 .text.rkclk_set_mmc_clk_freq
                0x0000000000000000      0x1a4 arch/arm/cpu/armv8/rk33xx/built-in.o
 .text.rkclk_set_mmc_tuning
                0x0000000000000000        0x8 arch/arm/cpu/armv8/rk33xx/built-in.o
 .text.rkclk_get_spi_clk
                0x0000000000000000       0x80 arch/arm/cpu/armv8/rk33xx/built-in.o
 .text.rkcru_pcie_soft_reset
                0x0000000000000000       0x8c arch/arm/cpu/armv8/rk33xx/built-in.o
 .text.gic_set_irq_type
                0x0000000000000000       0xa8 arch/arm/cpu/armv8/rk33xx/built-in.o
 .text.gpio_irq_set_type
                0x0000000000000000      0x124 arch/arm/cpu/armv8/rk33xx/built-in.o
 .text.irq_set_irq_type
                0x0000000000000000       0x38 arch/arm/cpu/armv8/rk33xx/built-in.o
 .rodata.__func__.5379
                0x0000000000000000       0x18 arch/arm/cpu/armv8/rk33xx/built-in.o
 .rodata.gic_set_irq_type
                0x0000000000000000        0x8 arch/arm/cpu/armv8/rk33xx/built-in.o
 .rodata.gpio_irq_set_type
                0x0000000000000000        0x8 arch/arm/cpu/armv8/rk33xx/built-in.o
 .data          0x0000000000000000        0x0 arch/arm/cpu/armv8/rk33xx/built-in.o
 .bss           0x0000000000000000        0x0 arch/arm/cpu/armv8/rk33xx/built-in.o
 .text.flush_cache
                0x0000000000000000        0x4 arch/arm/lib/built-in.o
 .text.flush_dcache_all
                0x0000000000000000        0xc arch/arm/lib/built-in.o
 .text.enable_caches
                0x0000000000000000        0xc arch/arm/lib/built-in.o
 .data          0x0000000000000000        0x0 arch/arm/lib/built-in.o
 .__secure_start
                0x0000000000000000        0x0 arch/arm/lib/built-in.o
 .__end         0x0000000000000000        0x0 arch/arm/lib/built-in.o
 .__secure_end  0x0000000000000000        0x0 arch/arm/lib/built-in.o
 .bss           0x0000000000000000        0x0 arch/arm/lib/built-in.o
 .text          0x0000000000000000        0x0 board/rockchip/common/built-in.o
 .text.CRC_32CheckBuffer
                0x0000000000000000       0x84 board/rockchip/common/built-in.o
 .text.P_RC4_ext
                0x0000000000000000      0x108 board/rockchip/common/built-in.o
 .text.DRVDelayMs
                0x0000000000000000       0x10 board/rockchip/common/built-in.o
 .text.EmmcPowerEn
                0x0000000000000000       0x44 board/rockchip/common/built-in.o
 .text.SCUSetSDClkFreq
                0x0000000000000000        0x8 board/rockchip/common/built-in.o
 .text.SCUSetTuning
                0x0000000000000000        0x8 board/rockchip/common/built-in.o
 .text.dump_disk_partitions
                0x0000000000000000       0x7c board/rockchip/common/built-in.o
 .text.rkidb_get_rc4_flag
                0x0000000000000000       0x54 board/rockchip/common/built-in.o
 .text.rkidb_get_mac_address
                0x0000000000000000       0x98 board/rockchip/common/built-in.o
 .text.rkidb_erase_drm_key
                0x0000000000000000       0x50 board/rockchip/common/built-in.o
 .text.rkkey_power_state
                0x0000000000000000       0x48 board/rockchip/common/built-in.o
 .text.rkkey_get_powerkey
                0x0000000000000000       0x18 board/rockchip/common/built-in.o
 .text.powerOff
                0x0000000000000000       0x28 board/rockchip/common/built-in.o
 .text.get_exit_uboot_charge_level
                0x0000000000000000       0x64 board/rockchip/common/built-in.o
 .text.board_fbt_exit_uboot_charge
                0x0000000000000000       0xf8 board/rockchip/common/built-in.o
 .text._MMCDoTuning.part.0
                0x0000000000000000       0xec board/rockchip/common/built-in.o
[...]
Memory Configuration

Name             Origin             Length             Attributes
*default*        0x0000000000000000 0xffffffffffffffff

Linker script and memory map

Address of section .text set to 0x200000
                0x0000000000000000                . = 0x0
                0x0000000000000000                . = ALIGN (0x8)

.text           0x0000000000200000    0x55fd0
 *(.__image_copy_start)
 .__image_copy_start
                0x0000000000200000        0x0 arch/arm/lib/built-in.o
                0x0000000000200000                __image_copy_start
 arch/arm/cpu/armv8/start.o(.text*)
 .text          0x0000000000200000      0x3a8 arch/arm/cpu/armv8/start.o
                0x0000000000200000                _start
                0x0000000000200008                RSA_KEY_TAG
                0x000000000020000c                RSA_KEY_LENGTH
                0x0000000000200010                RSA_KEY_DATA
                0x0000000000200208                LoaderTagCheck
                0x0000000000200220                _TEXT_BASE
                0x0000000000200228                _end_ofs
                0x0000000000200230                _bss_start_ofs
                0x0000000000200238                _bss_end_ofs
                0x00000000002002c8                apply_core_errata
                0x00000000002002ec                lowlevel_init
                0x0000000000200334                smp_kick_all_cpus
                0x0000000000200348                c_runtime_cpu_setup
 *(.text*)
 *fill*         0x00000000002003a8      0x458 
 .text          0x0000000000200800     0x1264 arch/arm/cpu/armv8/built-in.o
                0x0000000000200800                vectors
                0x0000000000201800                __asm_flush_dcache_level
                0x0000000000201864                __asm_dcache_all
                0x00000000002018c4                __asm_flush_dcache_all
                0x00000000002018d8                __asm_invalidate_dcache_all
                0x00000000002018ec                __asm_flush_dcache_range
                0x0000000000201920                __asm_invalidate_icache_all
                0x000000000020192c                __asm_invalidate_tlb_all
                0x0000000000201978                armv8_switch_to_el2
                0x00000000002019d8                armv8_switch_to_el1
 .text.cleanup_before_linux
                0x0000000000201a64       0x24 arch/arm/cpu/armv8/built-in.o
                0x0000000000201a64                cleanup_before_linux
 .text.invalidate_dcache_all
                0x0000000000201a88        0x4 arch/arm/cpu/armv8/built-in.o
                0x0000000000201a88                invalidate_dcache_all
 .text.flush_l3_cache
                0x0000000000201a8c        0x4 arch/arm/cpu/armv8/built-in.o
                0x0000000000201a8c                flush_l3_cache
 .text.flush_dcache_all
                0x0000000000201a90       0x14 arch/arm/cpu/armv8/built-in.o
                0x0000000000201a90                flush_dcache_all
 .text.invalidate_dcache_range
                0x0000000000201aa4        0x4 arch/arm/cpu/armv8/built-in.o
                0x0000000000201aa4                invalidate_dcache_range
 .text.flush_dcache_range
                0x0000000000201aa8        0x4 arch/arm/cpu/armv8/built-in.o
                0x0000000000201aa8                flush_dcache_range
 .text.dcache_enable
                0x0000000000201aac      0x248 arch/arm/cpu/armv8/built-in.o
                0x0000000000201aac                dcache_enable
 .text.dcache_disable
                0x0000000000201cf4       0x88 arch/arm/cpu/armv8/built-in.o
                0x0000000000201cf4                dcache_disable
 .text.icache_enable
                0x0000000000201d7c       0x74 arch/arm/cpu/armv8/built-in.o
                0x0000000000201d7c                icache_enable
 .text.icache_disable
                0x0000000000201df0       0x64 arch/arm/cpu/armv8/built-in.o
                0x0000000000201df0                icache_disable
 .text.invalidate_icache_all
                0x0000000000201e54        0x4 arch/arm/cpu/armv8/built-in.o
                0x0000000000201e54                invalidate_icache_all
 .text.flush_cache
                0x0000000000201e58        0x8 arch/arm/cpu/armv8/built-in.o
                0x0000000000201e58                flush_cache
 .text.enable_caches
                0x0000000000201e60       0x14 arch/arm/cpu/armv8/rk33xx/built-in.o
                0x0000000000201e60                enable_caches
 .text.rk_get_bootrom_chip_version
                0x0000000000201e74       0x2c arch/arm/cpu/armv8/rk33xx/built-in.o
                0x0000000000201e74                rk_get_bootrom_chip_version
 .text.rk_get_chiptype
                0x0000000000201ea0       0x24 arch/arm/cpu/armv8/rk33xx/built-in.o
                0x0000000000201ea0                rk_get_chiptype
 .text.rk_get_cpu_version
                0x0000000000201ec4        0x8 arch/arm/cpu/armv8/rk33xx/built-in.o
                0x0000000000201ec4                rk_get_cpu_version
 .text.arch_cpu_init
                0x0000000000201ecc       0x50 arch/arm/cpu/armv8/rk33xx/built-in.o
                0x0000000000201ecc                arch_cpu_init
 .text.print_cpuinfo
                0x0000000000201f1c       0x58 arch/arm/cpu/armv8/rk33xx/built-in.o
                0x0000000000201f1c                print_cpuinfo
 .text.reset_timer_masked
                0x0000000000201f74       0x1c arch/arm/cpu/armv8/rk33xx/built-in.o
                0x0000000000201f74                reset_timer_masked
 .text.timer_init
                0x0000000000201f90       0x34 arch/arm/cpu/armv8/rk33xx/built-in.o
                0x0000000000201f90                timer_init
 .text.__udelay
                0x0000000000201fc4       0xa0 arch/arm/cpu/armv8/rk33xx/built-in.o
                0x0000000000201fc4                __udelay
 .text.get_timer_masked
                0x0000000000202064       0xa4 arch/arm/cpu/armv8/rk33xx/built-in.o
                0x0000000000202064                get_timer_masked
 .text.get_timer
                0x0000000000202108       0x24 arch/arm/cpu/armv8/rk33xx/built-in.o
                0x0000000000202108                get_timer
 .text.get_ticks
                0x000000000020212c        0x4 arch/arm/cpu/armv8/rk33xx/built-in.o
                0x000000000020212c                get_ticks
 .text.rkclk_pll_get_rate
                0x0000000000202130      0x188 arch/arm/cpu/armv8/rk33xx/built-in.o
 .text.rkclk_pll_set_mode
                0x00000000002022b8       0x9c arch/arm/cpu/armv8/rk33xx/built-in.o
 .text.rkclk_aplll_cb
                0x0000000000202354       0x74 arch/arm/cpu/armv8/rk33xx/built-in.o
 .text.rkclk_ppll_cb
                0x00000000002023c8       0x18 arch/arm/cpu/armv8/rk33xx/built-in.o
 .text.rkclk_gpll_cb
                0x00000000002023e0       0x40 arch/arm/cpu/armv8/rk33xx/built-in.o
 .text.rkclk_pll_wait_lock
                0x0000000000202420       0x90 arch/arm/cpu/armv8/rk33xx/built-in.o
 .text.rkclk_pll_set_rate
                0x00000000002024b0      0x17c arch/arm/cpu/armv8/rk33xx/built-in.o
 .text.rkclk_pll_mode
                0x000000000020262c       0xc4 arch/arm/cpu/armv8/rk33xx/built-in.o
                0x000000000020262c                rkclk_pll_mode
 .text.rkclk_set_pll
                0x00000000002026f0      0x228 arch/arm/cpu/armv8/rk33xx/built-in.o
                0x00000000002026f0                rkclk_set_pll
 .text.rkclk_get_pll
                0x0000000000202918      0x168 arch/arm/cpu/armv8/rk33xx/built-in.o
                0x0000000000202918                rkclk_get_pll
 .text.rkclk_pll_set_any_freq
                0x0000000000202a80      0x3e4 arch/arm/cpu/armv8/rk33xx/built-in.o
                0x0000000000202a80                rkclk_pll_set_any_freq
 .text.rkclk_dump_pll
                0x0000000000202e64       0xfc arch/arm/cpu/armv8/rk33xx/built-in.o
                0x0000000000202e64                rkclk_dump_pll
 .text.rkclk_lcdc_dclk_pll_sel
                0x0000000000202f60       0x4c arch/arm/cpu/armv8/rk33xx/built-in.o
                0x0000000000202f60                rkclk_lcdc_dclk_pll_sel
 .text.rkclk_lcdc_clk_set
                0x0000000000202fac      0x1cc arch/arm/cpu/armv8/rk33xx/built-in.o
                0x0000000000202fac                rkclk_lcdc_clk_set
 .text.rkclk_set_sdhci_emmc_clk
                0x0000000000203178       0x88 arch/arm/cpu/armv8/rk33xx/built-in.o
                0x0000000000203178                rkclk_set_sdhci_emmc_clk
 .text.rkclk_set_mmc_clk_src
                0x0000000000203200       0x4c arch/arm/cpu/armv8/rk33xx/built-in.o
                0x0000000000203200                rkclk_set_mmc_clk_src
 .text.rkclk_get_mmc_clk
                0x000000000020324c       0x64 arch/arm/cpu/armv8/rk33xx/built-in.o
                0x000000000020324c                rkclk_get_mmc_clk
 .text.rkclk_get_mmc_freq_from_gpll
                0x00000000002032b0       0x30 arch/arm/cpu/armv8/rk33xx/built-in.o
                0x00000000002032b0                rkclk_get_mmc_freq_from_gpll
 .text.rkclk_set_mmc_clk_div
                0x00000000002032e0       0x48 arch/arm/cpu/armv8/rk33xx/built-in.o
                0x00000000002032e0                rkclk_set_mmc_clk_div
 .text.rkclk_disable_mmc_tuning
                0x0000000000203328        0x8 arch/arm/cpu/armv8/rk33xx/built-in.o
                0x0000000000203328                rkclk_disable_mmc_tuning
 .text.rkclk_get_pwm_clk
                0x0000000000203330       0xa8 arch/arm/cpu/armv8/rk33xx/built-in.o
                0x0000000000203330                rkclk_get_pwm_clk
 .text.rkclk_get_i2c_clk
                0x00000000002033d8      0x118 arch/arm/cpu/armv8/rk33xx/built-in.o
                0x00000000002033d8                rkclk_get_i2c_clk
 .text.rkcru_cpu_soft_reset
                0x00000000002034f0       0x28 arch/arm/cpu/armv8/rk33xx/built-in.o
                0x00000000002034f0                rkcru_cpu_soft_reset
 .text.rkcru_mmc_soft_reset
                0x0000000000203518       0x60 arch/arm/cpu/armv8/rk33xx/built-in.o
                0x0000000000203518                rkcru_mmc_soft_reset
 .text.rkcru_i2c_soft_reset
                0x0000000000203578       0x60 arch/arm/cpu/armv8/rk33xx/built-in.o
                0x0000000000203578                rkcru_i2c_soft_reset
 .text.gic_handler_enable
                0x00000000002035d8       0x4c arch/arm/cpu/armv8/rk33xx/built-in.o
 .text.gic_handler_disable
                0x0000000000203624       0x4c arch/arm/cpu/armv8/rk33xx/built-in.o
 .text.gpio_irq_disable
                0x0000000000203670       0x5c arch/arm/cpu/armv8/rk33xx/built-in.o
 .text.gpio_irq_enable
                0x00000000002036cc       0x5c arch/arm/cpu/armv8/rk33xx/built-in.o
 .text.gpio_irq_handler
                0x0000000000203728      0x138 arch/arm/cpu/armv8/rk33xx/built-in.o
 .text.irq_handler_enable
                0x0000000000203860       0x38 arch/arm/cpu/armv8/rk33xx/built-in.o
                0x0000000000203860                irq_handler_enable
 .text.irq_handler_disable
                0x0000000000203898       0x38 arch/arm/cpu/armv8/rk33xx/built-in.o
                0x0000000000203898                irq_handler_disable
 .text.irq_install_handler
                0x00000000002038d0       0x48 arch/arm/cpu/armv8/rk33xx/built-in.o
                0x00000000002038d0                irq_install_handler
 .text.irq_uninstall_handler
                0x0000000000203918       0x18 arch/arm/cpu/armv8/rk33xx/built-in.o
                0x0000000000203918                irq_uninstall_handler
 .text.enable_interrupts
                0x0000000000203930        0x8 arch/arm/cpu/armv8/rk33xx/built-in.o
                0x0000000000203930                enable_interrupts
 .text.disable_interrupts
                0x0000000000203938        0xc arch/arm/cpu/armv8/rk33xx/built-in.o
                0x0000000000203938                disable_interrupts
 .text.do_irq   0x0000000000203944       0x4c arch/arm/cpu/armv8/rk33xx/built-in.o
                0x0000000000203944                do_irq
 .text.arch_interrupt_init
                0x0000000000203990       0xf4 arch/arm/cpu/armv8/rk33xx/built-in.o
                0x0000000000203990                arch_interrupt_init
 .text.interrupt_init
                0x0000000000203a84        0x4 arch/arm/cpu/armv8/rk33xx/built-in.o
                0x0000000000203a84                interrupt_init
 .text.dram_bank_reserve
                0x0000000000203a88      0x1e0 arch/arm/cpu/armv8/rk33xx/built-in.o
 .text.dram_init
                0x0000000000203c68       0xb8 arch/arm/cpu/armv8/rk33xx/built-in.o
                0x0000000000203c68                dram_init
 .text.dram_init_banksize
                0x0000000000203d20      0x274 arch/arm/cpu/armv8/rk33xx/built-in.o
                0x0000000000203d20                dram_init_banksize
 .text.rk_iomux_sdcard_save
                0x0000000000203f94       0x60 arch/arm/cpu/armv8/rk33xx/built-in.o
                0x0000000000203f94                rk_iomux_sdcard_save
 .text.rk_iomux_sdcard_restore
                0x0000000000203ff4       0x4c arch/arm/cpu/armv8/rk33xx/built-in.o
                0x0000000000203ff4                rk_iomux_sdcard_restore
 .text.rk_iomux_config
                0x0000000000204040      0x2a0 arch/arm/cpu/armv8/rk33xx/built-in.o
                0x0000000000204040                rk_iomux_config
 .text.rk_module_deinit
                0x00000000002042e0       0x18 arch/arm/cpu/armv8/rk33xx/built-in.o
                0x00000000002042e0                rk_module_deinit
 .text.reset_cpu
                0x00000000002042f8       0x28 arch/arm/cpu/armv8/rk33xx/built-in.o
                0x00000000002042f8                reset_cpu
 .text          0x0000000000204320      0x290 arch/arm/lib/built-in.o
                0x0000000000204320                _main
                0x00000000002043a0                relocate_code
                0x0000000000204478                gic_init_secure
                0x00000000002044ac                gic_init_secure_percpu
                0x000000000020458c                gic_kick_secondary_cpus
                0x000000000020459c                gic_wait_for_interrupt
 .text.arch_fixup_fdt
                0x00000000002045b0      0x104 arch/arm/lib/built-in.o
                0x00000000002045b0                arch_fixup_fdt
 .text.boot_jump_linux
                0x00000000002046b4       0x9c arch/arm/lib/built-in.o
 .text.arch_lmb_reserve
                0x0000000000204750       0x50 arch/arm/lib/built-in.o
                0x0000000000204750                arch_lmb_reserve
 .text.setup_board_tags
                0x00000000002047a0        0x4 arch/arm/lib/built-in.o
                0x00000000002047a0                setup_board_tags
 .text.boot_prep_linux
                0x00000000002047a4      0x198 arch/arm/lib/built-in.o
 .text.do_bootm_linux
                0x000000000020493c       0x84 arch/arm/lib/built-in.o
                0x000000000020493c                do_bootm_linux
 .text.arch_reserve_stacks
                0x00000000002049c0       0x10 arch/arm/lib/built-in.o
                0x00000000002049c0                arch_reserve_stacks
 .text.show_regs
                0x00000000002049d0       0x84 arch/arm/lib/built-in.o
                0x00000000002049d0                show_regs
 .text.do_bad_sync
                0x0000000000204a54       0x30 arch/arm/lib/built-in.o
                0x0000000000204a54                do_bad_sync
 .text.do_bad_irq
                0x0000000000204a84       0x30 arch/arm/lib/built-in.o
                0x0000000000204a84                do_bad_irq
 .text.do_bad_fiq
                0x0000000000204ab4       0x30 arch/arm/lib/built-in.o
                0x0000000000204ab4                do_bad_fiq
 .text.do_bad_error
                0x0000000000204ae4       0x30 arch/arm/lib/built-in.o
                0x0000000000204ae4                do_bad_error
 .text.do_sync  0x0000000000204b14       0x30 arch/arm/lib/built-in.o
                0x0000000000204b14                do_sync
 .text.do_fiq   0x0000000000204b44       0x30 arch/arm/lib/built-in.o
                0x0000000000204b44                do_fiq
 .text.do_error
                0x0000000000204b74       0x30 arch/arm/lib/built-in.o
                0x0000000000204b74                do_error
 .text.reset_misc
                0x0000000000204ba4        0x4 arch/arm/lib/built-in.o
                0x0000000000204ba4                reset_misc
 .text.do_reset
                0x0000000000204ba8       0x38 arch/arm/lib/built-in.o
                0x0000000000204ba8                do_reset
 .text.dmult    0x0000000000204be0       0x60 board/rockchip/common/built-in.o
 .text.NN_Cmp   0x0000000000204c40       0x44 board/rockchip/common/built-in.o
                0x0000000000204c40                NN_Cmp
 .text.NN_Assign
                0x0000000000204c84       0x20 board/rockchip/common/built-in.o
                0x0000000000204c84                NN_Assign
 .text.NN_Digits
                0x0000000000204ca4       0x34 board/rockchip/common/built-in.o
                0x0000000000204ca4                NN_Digits
 .text.NN_AssignZero
                0x0000000000204cd8       0x1c board/rockchip/common/built-in.o
                0x0000000000204cd8                NN_AssignZero
 .text.NN_Sub   0x0000000000204cf4       0x50 board/rockchip/common/built-in.o
                0x0000000000204cf4                NN_Sub
 .text.NN_Mult  0x0000000000204d44      0x128 board/rockchip/common/built-in.o
                0x0000000000204d44                NN_Mult
 .text.NN_LShift
                0x0000000000204e6c       0x54 board/rockchip/common/built-in.o
                0x0000000000204e6c                NN_LShift
 .text.NN_RShift
                0x0000000000204ec0       0x50 board/rockchip/common/built-in.o
                0x0000000000204ec0                NN_RShift
 .text.NN_Div   0x0000000000204f10      0x3b0 board/rockchip/common/built-in.o
                0x0000000000204f10                NN_Div
 .text.NN_Mod   0x00000000002052c0       0x3c board/rockchip/common/built-in.o
                0x00000000002052c0                NN_Mod
 .text.NN_ModMult
                0x00000000002052fc       0x48 board/rockchip/common/built-in.o
                0x00000000002052fc                NN_ModMult
 .text.NN_ModExp
                0x0000000000205344      0x188 board/rockchip/common/built-in.o
                0x0000000000205344                NN_ModExp
 .text.NN_Decode
                0x00000000002054cc       0x74 board/rockchip/common/built-in.o
                0x00000000002054cc                NN_Decode
 .text.NN_Encode
                0x0000000000205540       0x78 board/rockchip/common/built-in.o
                0x0000000000205540                NN_Encode
 .text.rsapublicfunc.constprop.7
                0x00000000002055b8      0x134 board/rockchip/common/built-in.o
 .text.rsaDecodeHash
                0x00000000002056ec       0x6c board/rockchip/common/built-in.o
                0x00000000002056ec                rsaDecodeHash
 .text.rsaCheckMD5
                0x0000000000205758       0x8c board/rockchip/common/built-in.o
                0x0000000000205758                rsaCheckMD5
 .text.blk_SHA1_Block
                0x00000000002057e4     0x13e8 board/rockchip/common/built-in.o
 .text.SHA_init
                0x0000000000206bcc       0x44 board/rockchip/common/built-in.o
                0x0000000000206bcc                SHA_init
 .text.SHA_update
                0x0000000000206c10       0xdc board/rockchip/common/built-in.o
                0x0000000000206c10                SHA_update
 .text.SHA_final
                0x0000000000206cec       0xe0 board/rockchip/common/built-in.o
                0x0000000000206cec                SHA_final
 .text.P_RC4    0x0000000000206dcc      0x118 board/rockchip/common/built-in.o
                0x0000000000206dcc                P_RC4
 .text.ftl_memset
                0x0000000000206ee4        0x8 board/rockchip/common/built-in.o
                0x0000000000206ee4                ftl_memset
 .text.ftl_memcpy
                0x0000000000206eec       0x40 board/rockchip/common/built-in.o
                0x0000000000206eec                ftl_memcpy
 .text.ftl_memcmp
                0x0000000000206f2c        0x8 board/rockchip/common/built-in.o
                0x0000000000206f2c                ftl_memcmp
 .text.DRVDelayUs
                0x0000000000206f34        0x8 board/rockchip/common/built-in.o
                0x0000000000206f34                DRVDelayUs
 .text.CacheFlushDRegion
                0x0000000000206f3c        0xc board/rockchip/common/built-in.o
                0x0000000000206f3c                CacheFlushDRegion
 .text.CacheInvalidateDRegion
                0x0000000000206f48        0xc board/rockchip/common/built-in.o
                0x0000000000206f48                CacheInvalidateDRegion
 .text.IReadLoaderFlag
                0x0000000000206f54       0x10 board/rockchip/common/built-in.o
                0x0000000000206f54                IReadLoaderFlag
 .text.ISetLoaderFlag
                0x0000000000206f64       0x10 board/rockchip/common/built-in.o
                0x0000000000206f64                ISetLoaderFlag
 .text.GetMmcCLK
                0x0000000000206f74       0x44 board/rockchip/common/built-in.o
                0x0000000000206f74                GetMmcCLK
 .text.SDCReset
                0x0000000000206fb8       0x44 board/rockchip/common/built-in.o
                0x0000000000206fb8                SDCReset
 .text.SCUSelSDClk
                0x0000000000206ffc       0x3c board/rockchip/common/built-in.o
                0x0000000000206ffc                SCUSelSDClk
 .text.sdmmcGpioInit
                0x0000000000207038       0x10 board/rockchip/common/built-in.o
                0x0000000000207038                sdmmcGpioInit
 .text.FW_NandDeInit
                0x0000000000207048       0x20 board/rockchip/common/built-in.o
                0x0000000000207048                FW_NandDeInit
 .text.rkplat_uart2UsbEn
                0x0000000000207068        0x4 board/rockchip/common/built-in.o
                0x0000000000207068                rkplat_uart2UsbEn
 .text.ParseAtoi
                0x000000000020706c       0xa8 board/rockchip/common/built-in.o
 .text.memparse
                0x0000000000207114       0x70 board/rockchip/common/built-in.o
 .text.get_part
                0x0000000000207184      0x1e0 board/rockchip/common/built-in.o
 .text.find_mtd_part
                0x0000000000207364       0x64 board/rockchip/common/built-in.o
 .text.CheckParam
                0x00000000002073c8       0x74 board/rockchip/common/built-in.o
                0x00000000002073c8                CheckParam
 .text.GetParam
                0x000000000020743c       0xdc board/rockchip/common/built-in.o
                0x000000000020743c                GetParam
 .text.ParseParam
                0x0000000000207518      0x700 board/rockchip/common/built-in.o
                0x0000000000207518                ParseParam
 .text.get_disk_partition
                0x0000000000207c18       0x64 board/rockchip/common/built-in.o
                0x0000000000207c18                get_disk_partition
 .text.load_disk_partitions
                0x0000000000207c7c       0xd8 board/rockchip/common/built-in.o
                0x0000000000207c7c                load_disk_partitions
 .text.FindIDBlock.constprop.3
                0x0000000000207d54      0x154 board/rockchip/common/built-in.o
 .text.rkidb_update_loader
                0x0000000000207ea8      0x8ec board/rockchip/common/built-in.o
                0x0000000000207ea8                rkidb_update_loader
 .text.rkidb_setup_space
                0x0000000000208794       0x48 board/rockchip/common/built-in.o
                0x0000000000208794                rkidb_setup_space
 .text.rkidb_get_idblk_data
                0x00000000002087dc       0x34 board/rockchip/common/built-in.o
                0x00000000002087dc                rkidb_get_idblk_data
 .text.rkidb_get_bootloader_ver
                0x0000000000208810       0x88 board/rockchip/common/built-in.o
                0x0000000000208810                rkidb_get_bootloader_ver
 .text.rkidb_get_sn
                0x0000000000208898       0x70 board/rockchip/common/built-in.o
                0x0000000000208898                rkidb_get_sn
 .text.rkidb_get_hdcp_key
                0x0000000000208908       0x54 board/rockchip/common/built-in.o
                0x0000000000208908                rkidb_get_hdcp_key
 .text.rkloader_CopyFlash2Memory
                0x000000000020895c       0xac board/rockchip/common/built-in.o
                0x000000000020895c                rkloader_CopyFlash2Memory
 .text.rkloader_CopyMemory2Flash
                0x0000000000208a08       0x78 board/rockchip/common/built-in.o
                0x0000000000208a08                rkloader_CopyMemory2Flash
 .text.rkloader_change_cmd_for_recovery
                0x0000000000208a80      0x114 board/rockchip/common/built-in.o
                0x0000000000208a80                rkloader_change_cmd_for_recovery
 .text.rkloader_run_misc_cmd
                0x0000000000208b94      0x248 board/rockchip/common/built-in.o
                0x0000000000208b94                rkloader_run_misc_cmd
 .text.rkloader_fixInitrd
                0x0000000000208ddc       0xdc board/rockchip/common/built-in.o
                0x0000000000208ddc                rkloader_fixInitrd
 .text.rkloader_set_bootloader_msg
                0x0000000000208eb8       0x70 board/rockchip/common/built-in.o
                0x0000000000208eb8                rkloader_set_bootloader_msg
 .text.rkimg_load_image
                0x0000000000208f28       0xc0 board/rockchip/common/built-in.o
 .text.rkimg_handleDirectDownload
                0x0000000000208fe8       0x9c board/rockchip/common/built-in.o
 .text.rkimg_handleSparseDownload
                0x0000000000209084      0x1d4 board/rockchip/common/built-in.o
 .text.rkimage_load_image
                0x0000000000209258       0x84 board/rockchip/common/built-in.o
                0x0000000000209258                rkimage_load_image
 .text.rkimage_partition_erase
                0x00000000002092dc       0x20 board/rockchip/common/built-in.o
                0x00000000002092dc                rkimage_partition_erase
 .text.rkimage_store_image
                0x00000000002092fc      0x700 board/rockchip/common/built-in.o
                0x00000000002092fc                rkimage_store_image
 .text.rkimage_handleDownload
                0x00000000002099fc      0x1e0 board/rockchip/common/built-in.o
                0x00000000002099fc                rkimage_handleDownload
 .text.rkimage_load_fdt
                0x0000000000209bdc      0x158 board/rockchip/common/built-in.o
                0x0000000000209bdc                rkimage_load_fdt
 .text.rkimage_load_fdt_ram
                0x0000000000209d34       0x90 board/rockchip/common/built-in.o
                0x0000000000209d34                rkimage_load_fdt_ram
 .text.rkimage_prepare_fdt
                0x0000000000209dc4       0xa4 board/rockchip/common/built-in.o
                0x0000000000209dc4                rkimage_prepare_fdt
 .text.GetPortState
                0x0000000000209e68       0xd0 board/rockchip/common/built-in.o
 .text.checkKey
                0x0000000000209f38       0x90 board/rockchip/common/built-in.o
                0x0000000000209f38                checkKey
 .text.RemotectlInit
                0x0000000000209fc8       0x34 board/rockchip/common/built-in.o
                0x0000000000209fc8                RemotectlInit
 .text.RemotectlDeInit
                0x0000000000209ffc       0x24 board/rockchip/common/built-in.o
                0x0000000000209ffc                RemotectlDeInit
 .text.key_init
                0x000000000020a020      0x250 board/rockchip/common/built-in.o
                0x000000000020a020                key_init
 .text.powerOn  0x000000000020a270       0x20 board/rockchip/common/built-in.o
                0x000000000020a270                powerOn
 .text.remotectl_do_something_readtime
                0x000000000020a290       0x60 board/rockchip/common/built-in.o
                0x000000000020a290                remotectl_do_something_readtime
 .text.remotectl_do_something
                0x000000000020a2f0      0x19c board/rockchip/common/built-in.o
                0x000000000020a2f0                remotectl_do_something
 .text.remotectlInitInDriver
                0x000000000020a48c      0x104 board/rockchip/common/built-in.o
                0x000000000020a48c                remotectlInitInDriver
 .text.board_fbt_run_recovery
                0x000000000020a590       0x5c board/rockchip/common/built-in.o
 .text.board_fbt_set_reboot_type
                0x000000000020a5ec       0x8c board/rockchip/common/built-in.o
                0x000000000020a5ec                board_fbt_set_reboot_type
 .text.board_fbt_get_reboot_type
                0x000000000020a678      0x16c board/rockchip/common/built-in.o
                0x000000000020a678                board_fbt_get_reboot_type
 .text.board_fbt_key_pressed
                0x000000000020a7e4      0x128 board/rockchip/common/built-in.o
                0x000000000020a7e4                board_fbt_key_pressed
 .text.board_fbt_finalize_bootargs
                0x000000000020a90c       0x78 board/rockchip/common/built-in.o
                0x000000000020a90c                board_fbt_finalize_bootargs
 .text.board_fbt_boot_failed
                0x000000000020a984       0xe8 board/rockchip/common/built-in.o
                0x000000000020a984                board_fbt_boot_failed
 .text.board_fbt_oem
                0x000000000020aa6c        0x8 board/rockchip/common/built-in.o
                0x000000000020aa6c                board_fbt_oem
 .text.board_fbt_handle_erase
                0x000000000020aa74        0x4 board/rockchip/common/built-in.o
                0x000000000020aa74                board_fbt_handle_erase
 .text.board_fbt_handle_flash
                0x000000000020aa78        0x4 board/rockchip/common/built-in.o
                0x000000000020aa78                board_fbt_handle_flash
 .text.board_fbt_handle_download
                0x000000000020aa7c        0x4 board/rockchip/common/built-in.o
                0x000000000020aa7c                board_fbt_handle_download
 .text.board_fbt_load_partition_table
                0x000000000020aa80        0x4 board/rockchip/common/built-in.o
                0x000000000020aa80                board_fbt_load_partition_table
 .text.board_fbt_get_partition
                0x000000000020aa84        0x4 board/rockchip/common/built-in.o
                0x000000000020aa84                board_fbt_get_partition
 .text.board_fbt_run_recovery_wipe_data
                0x000000000020aa88       0x80 board/rockchip/common/built-in.o
                0x000000000020aa88                board_fbt_run_recovery_wipe_data
 .text.board_fbt_preboot
                0x000000000020ab08      0x320 board/rockchip/common/built-in.o
                0x000000000020ab08                board_fbt_preboot
 .text.MMC_AccessBootPartition
                0x000000000020ae28       0x6c board/rockchip/common/built-in.o
                0x000000000020ae28                MMC_AccessBootPartition
 .text.MMC_SetBootBusWidth
                0x000000000020ae94       0x70 board/rockchip/common/built-in.o
                0x000000000020ae94                MMC_SetBootBusWidth
 .text.MMC_SwitchBoot
                0x000000000020af04       0x74 board/rockchip/common/built-in.o
                0x000000000020af04                MMC_SwitchBoot
 .text.MMC_Init
                0x000000000020af78      0x6d4 board/rockchip/common/built-in.o
                0x000000000020af78                MMC_Init
 .text._SD_DecodeCID
                0x000000000020b64c       0x84 board/rockchip/common/built-in.o
 .text._SD_DecodeCSD
                0x000000000020b6d0       0xf0 board/rockchip/common/built-in.o
 .text.unlikely._SD_SwitchFunction
                0x000000000020b7c0      0x3c0 board/rockchip/common/built-in.o
 .text.SD1X_Init
                0x000000000020bb80      0x200 board/rockchip/common/built-in.o
                0x000000000020bb80                SD1X_Init
 .text.SD20_Init
                0x000000000020bd80      0x23c board/rockchip/common/built-in.o
                0x000000000020bd80                SD20_Init
 .text.unlikely._ReadRemainData
                0x000000000020bfbc       0xf4 board/rockchip/common/built-in.o
 .text._ControlClock
                0x000000000020c0b0       0xc0 board/rockchip/common/built-in.o
 .text._ChangeFreq
                0x000000000020c170      0x16c board/rockchip/common/built-in.o
 .text._WaitCardBusy
                0x000000000020c2dc       0x60 board/rockchip/common/built-in.o
 .text.eMMC_SetDataHigh
                0x000000000020c33c       0x48 board/rockchip/common/built-in.o
                0x000000000020c33c                eMMC_SetDataHigh
 .text.SDC_IsCardIdValid
                0x000000000020c384        0xc board/rockchip/common/built-in.o
                0x000000000020c384                SDC_IsCardIdValid
 .text.SDC_IsCardWriteProtected
                0x000000000020c390        0x8 board/rockchip/common/built-in.o
                0x000000000020c390                SDC_IsCardWriteProtected
 .text.SDC_GetHostBusWidth
                0x000000000020c398       0x24 board/rockchip/common/built-in.o
                0x000000000020c398                SDC_GetHostBusWidth
 .text.SDC_SetHostBusWidth
                0x000000000020c3bc       0x74 board/rockchip/common/built-in.o
                0x000000000020c3bc                SDC_SetHostBusWidth
 .text.SDC_ResetController
                0x000000000020c430      0x14c board/rockchip/common/built-in.o
                0x000000000020c430                SDC_ResetController
 .text.SDC_Init
                0x000000000020c57c      0x130 board/rockchip/common/built-in.o
                0x000000000020c57c                SDC_Init
 .text.SDC_UpdateCardFreq
                0x000000000020c6ac       0x40 board/rockchip/common/built-in.o
                0x000000000020c6ac                SDC_UpdateCardFreq
 .text.SDC_ControlPower
                0x000000000020c6ec       0x34 board/rockchip/common/built-in.o
                0x000000000020c6ec                SDC_ControlPower
 .text.SDC_BusRequest
                0x000000000020c720      0xa34 board/rockchip/common/built-in.o
                0x000000000020c720                SDC_BusRequest
 .text._ResponseTimeoutHandle
                0x000000000020d154       0xd4 board/rockchip/common/built-in.o
 .text._DataErrorHandle
                0x000000000020d228       0xc4 board/rockchip/common/built-in.o
 .text._SDMMC_Write
                0x000000000020d2ec      0x18c board/rockchip/common/built-in.o
 .text._SDMMC_Read
                0x000000000020d478      0x1e8 board/rockchip/common/built-in.o
 .text._GenerateRCA
                0x000000000020d660       0x3c board/rockchip/common/built-in.o
                0x000000000020d660                _GenerateRCA
 .text._IsRCAUsable
                0x000000000020d69c       0x38 board/rockchip/common/built-in.o
                0x000000000020d69c                _IsRCAUsable
 .text._Identify_SendCmd
                0x000000000020d6d4        0x4 board/rockchip/common/built-in.o
                0x000000000020d6d4                _Identify_SendCmd
 .text._Identify_SendAppCmd
                0x000000000020d6d8       0x94 board/rockchip/common/built-in.o
                0x000000000020d6d8                _Identify_SendAppCmd
 .text.SDM_Init
                0x000000000020d76c       0x60 board/rockchip/common/built-in.o
                0x000000000020d76c                SDM_Init
 .text.SDM_Open
                0x000000000020d7cc       0x68 board/rockchip/common/built-in.o
                0x000000000020d7cc                SDM_Open
 .text.SDM_Read
                0x000000000020d834      0x168 board/rockchip/common/built-in.o
                0x000000000020d834                SDM_Read
 .text.SDM_Write
                0x000000000020d99c      0x170 board/rockchip/common/built-in.o
                0x000000000020d99c                SDM_Write
 .text.SDM_IOCtrl
                0x000000000020db0c      0x508 board/rockchip/common/built-in.o
                0x000000000020db0c                SDM_IOCtrl
 .text.SDOAM_Delay
                0x000000000020e014        0x4 board/rockchip/common/built-in.o
                0x000000000020e014                SDOAM_Delay
 .text.SDOAM_SendMsg
                0x000000000020e018        0x4 board/rockchip/common/built-in.o
                0x000000000020e018                SDOAM_SendMsg
 .text.SDOAM_CreateMutex
                0x000000000020e01c       0x38 board/rockchip/common/built-in.o
                0x000000000020e01c                SDOAM_CreateMutex
 .text.SDOAM_RequestMutex
                0x000000000020e054        0x4 board/rockchip/common/built-in.o
                0x000000000020e054                SDOAM_RequestMutex
 .text.SDOAM_ReleaseMutex
                0x000000000020e058        0x4 board/rockchip/common/built-in.o
                0x000000000020e058                SDOAM_ReleaseMutex
 .text.SDOAM_CreateEvent
                0x000000000020e05c       0x34 board/rockchip/common/built-in.o
                0x000000000020e05c                SDOAM_CreateEvent
 .text.SDPAM_FlushCache
                0x000000000020e090        0x4 board/rockchip/common/built-in.o
                0x000000000020e090                SDPAM_FlushCache
 .text.SDPAM_CleanCache
                0x000000000020e094        0x4 board/rockchip/common/built-in.o
                0x000000000020e094                SDPAM_CleanCache
 .text.SDPAM_InvalidateCache
                0x000000000020e098        0x4 board/rockchip/common/built-in.o
                0x000000000020e098                SDPAM_InvalidateCache
 .text.SDPAM_GetAHBFreq
                0x000000000020e09c        0x4 board/rockchip/common/built-in.o
                0x000000000020e09c                SDPAM_GetAHBFreq
 .text.SDPAM_SDCClkEnable
                0x000000000020e0a0        0x4 board/rockchip/common/built-in.o
                0x000000000020e0a0                SDPAM_SDCClkEnable
 .text.SDPAM_SDCReset
                0x000000000020e0a4       0x14 board/rockchip/common/built-in.o
                0x000000000020e0a4                SDPAM_SDCReset
 .text.SDPAM_SetMmcClkDiv
                0x000000000020e0b8       0x14 board/rockchip/common/built-in.o
                0x000000000020e0b8                SDPAM_SetMmcClkDiv
 .text.SDPAM_IOMUX_SetSDPort
                0x000000000020e0cc        0x8 board/rockchip/common/built-in.o
                0x000000000020e0cc                SDPAM_IOMUX_SetSDPort
 .text.SDPAM_ControlPower
                0x000000000020e0d4        0x4 board/rockchip/common/built-in.o
                0x000000000020e0d4                SDPAM_ControlPower
 .text.extract_uint32_bits
                0x000000000020e0d8       0x60 board/rockchip/common/built-in.o
 .text.mmc_set_clock
                0x000000000020e138       0x34 board/rockchip/common/built-in.o
 .text.mmc_send_cmd
                0x000000000020e16c      0x200 board/rockchip/common/built-in.o
 .text.mmc_send_ext_csd
                0x000000000020e36c      0x11c board/rockchip/common/built-in.o
 .text.mmc_go_idle.constprop.12
                0x000000000020e488       0x70 board/rockchip/common/built-in.o
 .text.mmc_send_status.constprop.15
                0x000000000020e4f8       0xd4 board/rockchip/common/built-in.o
 .text.mmc_switch.isra.2
                0x000000000020e5cc       0x90 board/rockchip/common/built-in.o
 .text.mmc_set_timing
                0x000000000020e65c       0x1c board/rockchip/common/built-in.o
                0x000000000020e65c                mmc_set_timing
 .text.mmc_startup.constprop.5
                0x000000000020e678      0xac0 board/rockchip/common/built-in.o
 .text.mmc_hs400_to_hs200
                0x000000000020f138       0xc8 board/rockchip/common/built-in.o
                0x000000000020f138                mmc_hs400_to_hs200
 .text.mmc_retune
                0x000000000020f200      0x180 board/rockchip/common/built-in.o
                0x000000000020f200                mmc_retune
 .text.mmc_setup_media
                0x000000000020f380      0x21c board/rockchip/common/built-in.o
                0x000000000020f380                mmc_setup_media
 .text.block_mmc_read
                0x000000000020f59c      0x1c0 board/rockchip/common/built-in.o
                0x000000000020f59c                block_mmc_read
 .text.block_mmc_write
                0x000000000020f75c      0x188 board/rockchip/common/built-in.o
                0x000000000020f75c                block_mmc_write
 .text.new_mem_sdhci_host
                0x000000000020f8e4       0xe4 board/rockchip/common/built-in.o
                0x000000000020f8e4                new_mem_sdhci_host
 .text.mmc_get_capacity
                0x000000000020f9c8       0x14 board/rockchip/common/built-in.o
                0x000000000020f9c8                mmc_get_capacity
 .text.mmc_init
                0x000000000020f9dc       0x58 board/rockchip/common/built-in.o
                0x000000000020f9dc                mmc_init
 .text.sdhci_enhanced_strobe
                0x000000000020fa34       0x24 board/rockchip/common/built-in.o
 .text.sdhci_reset.constprop.18
                0x000000000020fa58       0x7c board/rockchip/common/built-in.o
 .text.sdhci_pre_init.constprop.11
                0x000000000020fad4      0x224 board/rockchip/common/built-in.o
 .text.sdhci_cmd_done.constprop.17
                0x000000000020fcf8       0x68 board/rockchip/common/built-in.o
 .text.sdhci_init.part.7.constprop.22
                0x000000000020fd60      0x160 board/rockchip/common/built-in.o
 .text.sdhci_update
                0x000000000020fec0       0xf0 board/rockchip/common/built-in.o
 .text.timer_us
                0x000000000020ffb0       0x40 board/rockchip/common/built-in.o
                0x000000000020ffb0                timer_us
 .text.sdhci_send_command
                0x000000000020fff0      0x684 board/rockchip/common/built-in.o
 .text.sdhci_execute_tuning
                0x0000000000210674      0x174 board/rockchip/common/built-in.o
 .text.sdhci_config_phy
                0x00000000002107e8      0x110 board/rockchip/common/built-in.o
                0x00000000002107e8                sdhci_config_phy
 .text.sdhci_set_clock.part.9.constprop.19
                0x00000000002108f8      0x12c board/rockchip/common/built-in.o
 .text.sdhci_set_uhs_signaling
                0x0000000000210a24       0xec board/rockchip/common/built-in.o
                0x0000000000210a24                sdhci_set_uhs_signaling
 .text.sdhci_set_ios
                0x0000000000210b10      0x1f0 board/rockchip/common/built-in.o
 .text.add_sdhci
                0x0000000000210d00       0x50 board/rockchip/common/built-in.o
                0x0000000000210d00                add_sdhci
 .text.SdmmcReinit
                0x0000000000210d50       0x9c board/rockchip/common/built-in.o
                0x0000000000210d50                SdmmcReinit
 .text.SdmmcInit
                0x0000000000210dec      0x184 board/rockchip/common/built-in.o
                0x0000000000210dec                SdmmcInit
 .text.SdmmcDeInit
                0x0000000000210f70        0x8 board/rockchip/common/built-in.o
                0x0000000000210f70                SdmmcDeInit
 .text.SdmmcBootWritePBA
                0x0000000000210f78      0x104 board/rockchip/common/built-in.o
                0x0000000000210f78                SdmmcBootWritePBA
 .text.SdmmcBootReadPBA
                0x000000000021107c      0x104 board/rockchip/common/built-in.o
                0x000000000021107c                SdmmcBootReadPBA
 .text.SdmmcBootReadLBA
                0x0000000000211180       0xb8 board/rockchip/common/built-in.o
                0x0000000000211180                SdmmcBootReadLBA
 .text.SdmmcBootWriteLBA
                0x0000000000211238       0x40 board/rockchip/common/built-in.o
                0x0000000000211238                SdmmcBootWriteLBA
 .text.SdmmcReadID
                0x0000000000211278       0x28 board/rockchip/common/built-in.o
                0x0000000000211278                SdmmcReadID
 .text.SdmmcReadFlashInfo
                0x00000000002112a0       0xa0 board/rockchip/common/built-in.o
                0x00000000002112a0                SdmmcReadFlashInfo
 .text.SdmmcGetCapacity
                0x0000000000211340       0x24 board/rockchip/common/built-in.o
                0x0000000000211340                SdmmcGetCapacity
 .text.SdmmcSysDataLoad
                0x0000000000211364       0x40 board/rockchip/common/built-in.o
                0x0000000000211364                SdmmcSysDataLoad
 .text.SdmmcSysDataStore
                0x00000000002113a4       0x40 board/rockchip/common/built-in.o
                0x00000000002113a4                SdmmcSysDataStore
 .text.SdmmcGetFwOffset
                0x00000000002113e4       0x28 board/rockchip/common/built-in.o
                0x00000000002113e4                SdmmcGetFwOffset
 .text.SdmmcGetSysOffset
                0x000000000021140c       0x28 board/rockchip/common/built-in.o
                0x000000000021140c                SdmmcGetSysOffset
 .text.SdmmcBootErase
                0x0000000000211434        0x8 board/rockchip/common/built-in.o
                0x0000000000211434                SdmmcBootErase
 .text.SdmmcGetSDCardBootMode
                0x000000000021143c        0xc board/rockchip/common/built-in.o
                0x000000000021143c                SdmmcGetSDCardBootMode
 .text.sdhci_block_read
                0x0000000000211448       0x38 board/rockchip/common/built-in.o
                0x0000000000211448                sdhci_block_read
 .text.sdhci_block_write
                0x0000000000211480       0x38 board/rockchip/common/built-in.o
                0x0000000000211480                sdhci_block_write
 .text.SdhciInit
                0x00000000002114b8       0x80 board/rockchip/common/built-in.o
                0x00000000002114b8                SdhciInit
 .text.SdhciBootWritePBA
                0x0000000000211538       0xd4 board/rockchip/common/built-in.o
                0x0000000000211538                SdhciBootWritePBA
 .text.SdhciBootReadPBA
                0x000000000021160c       0xd4 board/rockchip/common/built-in.o
                0x000000000021160c                SdhciBootReadPBA
 .text.SdhciBootWriteLBA
                0x00000000002116e0        0xc board/rockchip/common/built-in.o
                0x00000000002116e0                SdhciBootWriteLBA
 .text.SdhciBootReadLBA
                0x00000000002116ec        0xc board/rockchip/common/built-in.o
                0x00000000002116ec                SdhciBootReadLBA
 .text.SdhciReadID
                0x00000000002116f8       0x28 board/rockchip/common/built-in.o
                0x00000000002116f8                SdhciReadID
 .text.SdhciReadFlashInfo
                0x0000000000211720       0x54 board/rockchip/common/built-in.o
                0x0000000000211720                SdhciReadFlashInfo
 .text.SdhciGetCapacity
                0x0000000000211774       0x10 board/rockchip/common/built-in.o
                0x0000000000211774                SdhciGetCapacity
 .text.SdhciSysDataLoad
                0x0000000000211784       0x10 board/rockchip/common/built-in.o
                0x0000000000211784                SdhciSysDataLoad
 .text.SdhciSysDataStore
                0x0000000000211794       0x10 board/rockchip/common/built-in.o
                0x0000000000211794                SdhciSysDataStore
 .text.SdhciBootErase
                0x00000000002117a4        0x8 board/rockchip/common/built-in.o
                0x00000000002117a4                SdhciBootErase
 .text.SecureBootCheck
                0x00000000002117ac       0x58 board/rockchip/common/built-in.o
                0x00000000002117ac                SecureBootCheck
 .text.SecureBootUnlock
                0x0000000000211804       0x54 board/rockchip/common/built-in.o
                0x0000000000211804                SecureBootUnlock
 .text.SecureBootUnlockCheck
                0x0000000000211858       0x10 board/rockchip/common/built-in.o
                0x0000000000211858                SecureBootUnlockCheck
 .text.SecureBootLockLoader
                0x0000000000211868        0x4 board/rockchip/common/built-in.o
                0x0000000000211868                SecureBootLockLoader
 .text.SecureBootSetSysData2Kernel
                0x000000000021186c       0x98 board/rockchip/common/built-in.o
                0x000000000021186c                SecureBootSetSysData2Kernel
 .text.SecureBootImageCheck
                0x0000000000211904       0x18 board/rockchip/common/built-in.o
                0x0000000000211904                SecureBootImageCheck
 .text.SecureBootSecureState2Kernel
                0x000000000021191c       0x30 board/rockchip/common/built-in.o
                0x000000000021191c                SecureBootSecureState2Kernel
 .text.SecureNSModeVerifyLoader
                0x000000000021194c       0x80 board/rockchip/common/built-in.o
 .text.SecureNSModeSignCheck
                0x00000000002119cc       0x5c board/rockchip/common/built-in.o
 .text.SecureModeVerifyLoader
                0x0000000000211a28        0x4 board/rockchip/common/built-in.o
                0x0000000000211a28                SecureModeVerifyLoader
 .text.SecureModeVerifyUbootImage
                0x0000000000211a2c      0x148 board/rockchip/common/built-in.o
                0x0000000000211a2c                SecureModeVerifyUbootImage
 .text.SecureModeVerifyBootImage
                0x0000000000211b74      0x1e8 board/rockchip/common/built-in.o
                0x0000000000211b74                SecureModeVerifyBootImage
 .text.SecureModeBootImageCheck
                0x0000000000211d5c       0xa0 board/rockchip/common/built-in.o
                0x0000000000211d5c                SecureModeBootImageCheck
 .text.SecureModeRSAKeyCheck
                0x0000000000211dfc       0x2c board/rockchip/common/built-in.o
                0x0000000000211dfc                SecureModeRSAKeyCheck
 .text.SecureModeLockLoader
                0x0000000000211e28       0x38 board/rockchip/common/built-in.o
                0x0000000000211e28                SecureModeLockLoader
 .text.SecureModeInit
                0x0000000000211e60      0x218 board/rockchip/common/built-in.o
                0x0000000000211e60                SecureModeInit
 .text.FW_ReIntForUpdate
                0x0000000000212078       0x40 board/rockchip/common/built-in.o
                0x0000000000212078                FW_ReIntForUpdate
 .text.FW_SorageLowFormatEn
                0x00000000002120b8        0xc board/rockchip/common/built-in.o
                0x00000000002120b8                FW_SorageLowFormatEn
 .text.FW_SorageLowFormat
                0x00000000002120c4       0x5c board/rockchip/common/built-in.o
                0x00000000002120c4                FW_SorageLowFormat
 .text.FW_StorageGetValid
                0x0000000000212120       0x10 board/rockchip/common/built-in.o
                0x0000000000212120                FW_StorageGetValid
 .text.FW_GetCurEraseBlock
                0x0000000000212130       0x28 board/rockchip/common/built-in.o
                0x0000000000212130                FW_GetCurEraseBlock
 .text.FW_GetTotleBlk
                0x0000000000212158       0x28 board/rockchip/common/built-in.o
                0x0000000000212158                FW_GetTotleBlk
 .text.StorageReadPba
                0x0000000000212180       0x3c board/rockchip/common/built-in.o
                0x0000000000212180                StorageReadPba
 .text.StorageWritePba
                0x00000000002121bc       0x3c board/rockchip/common/built-in.o
                0x00000000002121bc                StorageWritePba
 .text.StorageReadLba
                0x00000000002121f8       0x3c board/rockchip/common/built-in.o
                0x00000000002121f8                StorageReadLba
 .text.StorageWriteLba
                0x0000000000212234       0x40 board/rockchip/common/built-in.o
                0x0000000000212234                StorageWriteLba
 .text.StorageGetCapacity
                0x0000000000212274       0x2c board/rockchip/common/built-in.o
                0x0000000000212274                StorageGetCapacity
 .text.StorageSysDataLoad
                0x00000000002122a0       0x54 board/rockchip/common/built-in.o
                0x00000000002122a0                StorageSysDataLoad
 .text.StorageSysDataStore
                0x00000000002122f4       0x38 board/rockchip/common/built-in.o
                0x00000000002122f4                StorageSysDataStore
 .text.StorageUbootSysDataLoad
                0x000000000021232c        0x8 board/rockchip/common/built-in.o
                0x000000000021232c                StorageUbootSysDataLoad
 .text.StorageUbootSysDataStore
                0x0000000000212334        0x8 board/rockchip/common/built-in.o
                0x0000000000212334                StorageUbootSysDataStore
 .text.StorageVendorSysDataLoad
                0x000000000021233c       0x70 board/rockchip/common/built-in.o
                0x000000000021233c                StorageVendorSysDataLoad
 .text.StorageVendorSysDataStore
                0x00000000002123ac       0x6c board/rockchip/common/built-in.o
                0x00000000002123ac                StorageVendorSysDataStore
 .text.StorageReadFlashInfo
                0x0000000000212418       0x30 board/rockchip/common/built-in.o
                0x0000000000212418                StorageReadFlashInfo
 .text.StorageEraseBlock
                0x0000000000212448       0x48 board/rockchip/common/built-in.o
                0x0000000000212448                StorageEraseBlock
 .text.StorageGetBootMedia
                0x0000000000212490       0x10 board/rockchip/common/built-in.o
                0x0000000000212490                StorageGetBootMedia
 .text.StorageGetSDFwOffset
                0x00000000002124a0       0x24 board/rockchip/common/built-in.o
                0x00000000002124a0                StorageGetSDFwOffset
 .text.StorageGetSDSysOffset
                0x00000000002124c4       0x24 board/rockchip/common/built-in.o
                0x00000000002124c4                StorageGetSDSysOffset
 .text.StorageReadId
                0x00000000002124e8       0x34 board/rockchip/common/built-in.o
                0x00000000002124e8                StorageReadId
 .text.StorageSDCardUpdateMode
                0x000000000021251c       0x34 board/rockchip/common/built-in.o
                0x000000000021251c                StorageSDCardUpdateMode
 .text.vendor_storage_init
                0x0000000000212550      0x174 board/rockchip/common/built-in.o
                0x0000000000212550                vendor_storage_init
 .text.StorageInit
                0x00000000002126c4       0xa4 board/rockchip/common/built-in.o
                0x00000000002126c4                StorageInit
 .text.vendor_storage_read
                0x0000000000212768       0x80 board/rockchip/common/built-in.o
                0x0000000000212768                vendor_storage_read
 .text.vendor_storage_write
                0x00000000002127e8      0x1a8 board/rockchip/common/built-in.o
                0x00000000002127e8                vendor_storage_write
 .text.rkclk_set_apll_high
                0x0000000000212990        0x4 board/rockchip/rk33xx/built-in.o
                0x0000000000212990                rkclk_set_apll_high
 .text.board_lmb_reserve
                0x0000000000212994       0x64 board/rockchip/rk33xx/built-in.o
                0x0000000000212994                board_lmb_reserve
 .text.board_storage_init
                0x00000000002129f8       0x48 board/rockchip/rk33xx/built-in.o
                0x00000000002129f8                board_storage_init
 .text.board_init
                0x0000000000212a40       0x24 board/rockchip/rk33xx/built-in.o
                0x0000000000212a40                board_init
 .text.checkboard
                0x0000000000212a64       0x2c board/rockchip/rk33xx/built-in.o
                0x0000000000212a64                checkboard
 .text.arch_early_init_r
                0x0000000000212a90       0x28 board/rockchip/rk33xx/built-in.o
                0x0000000000212a90                arch_early_init_r
 .text.board_late_init
                0x0000000000212ab8      0x25c board/rockchip/rk33xx/built-in.o
                0x0000000000212ab8                board_late_init
 .text.ft_board_setup
                0x0000000000212d14       0x58 board/rockchip/rk33xx/built-in.o
                0x0000000000212d14                ft_board_setup
 .text.show_boot_progress
                0x0000000000212d6c        0x4 common/built-in.o
                0x0000000000212d6c                show_boot_progress
 .text.main_loop
                0x0000000000212d70       0x4c common/built-in.o
                0x0000000000212d70                main_loop
 .text.find_cmd_tbl
                0x0000000000212dbc       0xc0 common/built-in.o
                0x0000000000212dbc                find_cmd_tbl
 .text.find_cmd
                0x0000000000212e7c       0x24 common/built-in.o
                0x0000000000212e7c                find_cmd
 .text.cmd_usage
                0x0000000000212ea0       0x68 common/built-in.o
                0x0000000000212ea0                cmd_usage
 .text._do_help
                0x0000000000212f08      0x1a0 common/built-in.o
                0x0000000000212f08                _do_help
 .text.cmd_get_data_size
                0x00000000002130a8       0x6c common/built-in.o
                0x00000000002130a8                cmd_get_data_size
 .text.cmd_process
                0x0000000000213114      0x110 common/built-in.o
                0x0000000000213114                cmd_process
 .text.dummy    0x0000000000213224        0x4 common/built-in.o
 .text.get_version
                0x0000000000213228        0x8 common/built-in.o
                0x0000000000213228                get_version
 .text.jumptable_init
                0x0000000000213230      0x1a0 common/built-in.o
                0x0000000000213230                jumptable_init
 .text.hash_finish_crc32
                0x00000000002133d0       0x34 common/built-in.o
 .text.hash_update_crc32
                0x0000000000213404       0x34 common/built-in.o
 .text.hash_init_crc32
                0x0000000000213438       0x2c common/built-in.o
 .text.hash_finish_sha256
                0x0000000000213464       0x44 common/built-in.o
 .text.hash_update_sha256
                0x00000000002134a8       0x24 common/built-in.o
 .text.hash_init_sha256
                0x00000000002134cc       0x38 common/built-in.o
 .text.hash_lookup_algo
                0x0000000000213504       0x80 common/built-in.o
                0x0000000000213504                hash_lookup_algo
 .text.hash_show
                0x0000000000213584       0x74 common/built-in.o
                0x0000000000213584                hash_show
 .text.hash_command
                0x00000000002135f8      0x1a8 common/built-in.o
                0x00000000002135f8                hash_command
 .text.b_reset  0x00000000002137a0       0x18 common/built-in.o
 .text.static_get
                0x00000000002137b8       0x1c common/built-in.o
 .text.static_peek
                0x00000000002137d4        0xc common/built-in.o
 .text.file_peek
                0x00000000002137e0        0xc common/built-in.o
 .text.syntax_err
                0x00000000002137ec        0xc common/built-in.o
 .text.free_pipe_list
                0x00000000002137f8       0xf8 common/built-in.o
 .text.xmalloc  0x00000000002138f0       0x28 common/built-in.o
 .text.xrealloc
                0x0000000000213918       0x28 common/built-in.o
 .text.done_command
                0x0000000000213940       0x94 common/built-in.o
 .text.done_pipe
                0x00000000002139d4       0x70 common/built-in.o
 .text.do_showvar
                0x0000000000213a44      0x12c common/built-in.o
 .text.file_get
                0x0000000000213b70      0x1fc common/built-in.o
 .text.b_addchr
                0x0000000000213d6c       0x90 common/built-in.o
 .text.b_addqchr
                0x0000000000213dfc       0x58 common/built-in.o
 .text.done_word
                0x0000000000213e54      0x2c4 common/built-in.o
 .text.get_local_var
                0x0000000000214118       0x90 common/built-in.o
                0x0000000000214118                get_local_var
 .text.set_local_var
                0x00000000002141a8      0x1b8 common/built-in.o
                0x00000000002141a8                set_local_var
 .text.insert_var_value_sub
                0x0000000000214360      0x2bc common/built-in.o
 .text.parse_string_outer
                0x000000000021461c       0xf4 common/built-in.o
                0x000000000021461c                parse_string_outer
 .text.run_list_real
                0x0000000000214710      0x7d4 common/built-in.o
 .text.parse_stream_outer
                0x0000000000214ee4      0x734 common/built-in.o
 .text.parse_file_outer
                0x0000000000215618       0x44 common/built-in.o
                0x0000000000215618                parse_file_outer
 .text.u_boot_hush_start
                0x000000000021565c       0x5c common/built-in.o
                0x000000000021565c                u_boot_hush_start
 .text.run_command
                0x00000000002156b8        0x8 common/built-in.o
                0x00000000002156b8                run_command
 .text.run_command_list
                0x00000000002156c0       0x7c common/built-in.o
                0x00000000002156c0                run_command_list
 .text.cli_loop
                0x000000000021573c       0x10 common/built-in.o
                0x000000000021573c                cli_loop
 .text.cli_init
                0x000000000021574c        0x4 common/built-in.o
                0x000000000021574c                cli_init
 .text.delete_char.part.0
                0x0000000000215750       0xfc common/built-in.o
 .text.cli_readline_into_buffer
                0x000000000021584c      0x1f0 common/built-in.o
                0x000000000021584c                cli_readline_into_buffer
 .text.cli_readline
                0x0000000000215a3c       0x14 common/built-in.o
                0x0000000000215a3c                cli_readline
 .text.hex2_bin
                0x0000000000215a50       0x94 common/built-in.o
 .text.srec_decode
                0x0000000000215ae4      0x250 common/built-in.o
                0x0000000000215ae4                srec_decode
 .text.zm_dprintf
                0x0000000000215d34       0x84 common/built-in.o
 .text.CYGACC_COMM_IF_GETC_TIMEOUT.isra.1
                0x0000000000215db8       0x5c common/built-in.o
 .text.xyzModem_get_hdr
                0x0000000000215e14      0x390 common/built-in.o
 .text.xyzModem_stream_open
                0x00000000002161a4      0x290 common/built-in.o
                0x00000000002161a4                xyzModem_stream_open
 .text.xyzModem_stream_read
                0x0000000000216434      0x300 common/built-in.o
                0x0000000000216434                xyzModem_stream_read
 .text.xyzModem_stream_close
                0x0000000000216734       0x60 common/built-in.o
                0x0000000000216734                xyzModem_stream_close
 .text.xyzModem_stream_terminate
                0x0000000000216794       0xec common/built-in.o
                0x0000000000216794                xyzModem_stream_terminate
 .text.xyzModem_error
                0x0000000000216880       0x28 common/built-in.o
                0x0000000000216880                xyzModem_error
 .text.bootdelay_process
                0x00000000002168a8       0x68 common/built-in.o
                0x00000000002168a8                bootdelay_process
 .text.autoboot_command
                0x0000000000216910      0x108 common/built-in.o
                0x0000000000216910                autoboot_command
 .text.setup_mon_len
                0x0000000000216a18       0x20 common/built-in.o
 .text.setup_fdt
                0x0000000000216a38        0x8 common/built-in.o
 .text.reserve_round_4k
                0x0000000000216a40       0x14 common/built-in.o
 .text.reserve_trace
                0x0000000000216a54        0x8 common/built-in.o
 .text.setup_machine
                0x0000000000216a5c        0x8 common/built-in.o
 .text.initf_malloc
                0x0000000000216a64        0x8 common/built-in.o
 .text.initf_dm
                0x0000000000216a6c        0x8 common/built-in.o
 .text.display_new_sp
                0x0000000000216a74       0x24 common/built-in.o
 .text.reserve_fdt
                0x0000000000216a98       0x68 common/built-in.o
 .text.reserve_global_data
                0x0000000000216b00       0x3c common/built-in.o
 .text.reserve_malloc
                0x0000000000216b3c       0x38 common/built-in.o
 .text.reserve_uboot
                0x0000000000216b74       0x50 common/built-in.o
 .text.reserve_global_buffers
                0x0000000000216bc4       0xa4 common/built-in.o
 .text.reserve_lcd
                0x0000000000216c68       0x3c common/built-in.o
 .text.reserve_mmu
                0x0000000000216ca4       0x5c common/built-in.o
 .text.display_text_info
                0x0000000000216d00       0x34 common/built-in.o
 .text.setup_reloc
                0x0000000000216d34       0x58 common/built-in.o
 .text.reloc_fdt
                0x0000000000216d8c       0x34 common/built-in.o
 .text.announce_dram_init
                0x0000000000216dc0       0x20 common/built-in.o
 .text.init_baud_rate
                0x0000000000216de0       0x3c common/built-in.o
 .text.mark_bootstage
                0x0000000000216e1c       0x1c common/built-in.o
 .text.reserve_board
                0x0000000000216e38       0x50 common/built-in.o
 .text.board_add_ram_info
                0x0000000000216e88        0x4 common/built-in.o
                0x0000000000216e88                board_add_ram_info
 .text.show_dram_config
                0x0000000000216e8c       0x88 common/built-in.o
 .text.setup_dram_config
                0x0000000000216f14       0x18 common/built-in.o
 .text.board_get_usable_ram_top
                0x0000000000216f2c        0x8 common/built-in.o
                0x0000000000216f2c                board_get_usable_ram_top
 .text.setup_dest_addr
                0x0000000000216f34       0x78 common/built-in.o
 .text.reserve_stacks
                0x0000000000216fac       0x1c common/built-in.o
 .text.board_init_f
                0x0000000000216fc8       0x64 common/built-in.o
                0x0000000000216fc8                board_init_f
 .text.bootstage_relocate
                0x000000000021702c        0x8 common/built-in.o
 .text.initr_trace
                0x0000000000217034        0x8 common/built-in.o
 .text.initr_reloc_global_data
                0x000000000021703c       0x24 common/built-in.o
 .text.initr_barrier
                0x0000000000217060        0x8 common/built-in.o
 .text.power_init_board
                0x0000000000217068        0x8 common/built-in.o
                0x0000000000217068                power_init_board
 .text.run_main_loop
                0x0000000000217070       0x10 common/built-in.o
 .text.initr_enable_interrupts
                0x0000000000217080       0x18 common/built-in.o
 .text.initr_jumptable
                0x0000000000217098       0x18 common/built-in.o
 .text.initr_env
                0x00000000002170b0       0x3c common/built-in.o
 .text.initr_rk_storage
                0x00000000002170ec       0x18 common/built-in.o
 .text.initr_announce
                0x0000000000217104       0x24 common/built-in.o
 .text.initr_serial
                0x0000000000217128       0x18 common/built-in.o
 .text.initr_malloc
                0x0000000000217140       0x2c common/built-in.o
 .text.initr_caches
                0x000000000021716c       0x18 common/built-in.o
 .text.initr_reloc
                0x0000000000217184       0x28 common/built-in.o
 .text.cpu_secondary_init_r
                0x00000000002171ac        0x4 common/built-in.o
                0x00000000002171ac                cpu_secondary_init_r
 .text.initr_secondary_cpu
                0x00000000002171b0       0x18 common/built-in.o
 .text.board_init_r
                0x00000000002171c8       0x18 common/built-in.o
                0x00000000002171c8                board_init_r
 .text.show_board_info
                0x00000000002171e0        0x4 common/built-in.o
                0x00000000002171e0                show_board_info
 .text.do_go_exec
                0x00000000002171e4       0x20 common/built-in.o
                0x00000000002171e4                do_go_exec
 .text.do_go    0x0000000000217204       0x84 common/built-in.o
                0x0000000000217204                do_go
 .text.do_bootm
                0x0000000000217288      0x118 common/built-in.o
                0x0000000000217288                do_bootm
 .text.bootm_find_ramdisk_fdt
                0x00000000002173a0       0xb8 common/built-in.o
                0x00000000002173a0                bootm_find_ramdisk_fdt
 .text.do_bootm_states
                0x0000000000217458      0x734 common/built-in.o
                0x0000000000217458                do_bootm_states
 .text.do_bootm_standalone
                0x0000000000217b8c       0x74 common/built-in.o
 .text.arch_preboot_os
                0x0000000000217c00        0x4 common/built-in.o
                0x0000000000217c00                arch_preboot_os
 .text.boot_selected_os
                0x0000000000217c04       0x84 common/built-in.o
                0x0000000000217c04                boot_selected_os
 .text.bootm_os_get_boot_func
                0x0000000000217c88       0x10 common/built-in.o
                0x0000000000217c88                bootm_os_get_boot_func
 .text.do_help  0x0000000000217c98       0x3c common/built-in.o
 *fill*         0x0000000000217cd4        0x4 
 .text.do_version
                0x0000000000217cd8       0x48 common/built-in.o
 .text.env_attr_walk
                0x0000000000217d20      0x128 common/built-in.o
                0x0000000000217d20                env_attr_walk
 .text.env_attr_lookup
                0x0000000000217e48      0x1a8 common/built-in.o
                0x0000000000217e48                env_attr_lookup
 .text.clear_callback
                0x0000000000217ff0        0xc common/built-in.o
 .text.on_callbacks
                0x0000000000217ffc       0x58 common/built-in.o
 .text.set_callback
                0x0000000000218054       0xe0 common/built-in.o
 .text.env_callback_init
                0x0000000000218134      0x104 common/built-in.o
                0x0000000000218134                env_callback_init
 .text.clear_flags
                0x0000000000218238        0xc common/built-in.o
 .text.on_flags
                0x0000000000218244       0x58 common/built-in.o
 .text.env_flags_parse_vartype
                0x000000000021829c       0x64 common/built-in.o
                0x000000000021829c                env_flags_parse_vartype
 .text.env_flags_parse_varaccess
                0x0000000000218300       0x6c common/built-in.o
                0x0000000000218300                env_flags_parse_varaccess
 .text.set_flags
                0x000000000021836c       0xac common/built-in.o
 .text.env_flags_init
                0x0000000000218418       0xc8 common/built-in.o
                0x0000000000218418                env_flags_init
 .text.env_flags_validate
                0x00000000002184e0      0x254 common/built-in.o
                0x00000000002184e0                env_flags_validate
 .text.env_init
                0x0000000000218734       0x1c common/built-in.o
                0x0000000000218734                env_init
 .text.saveenv  0x0000000000218750       0xec common/built-in.o
                0x0000000000218750                saveenv
 .text.env_relocate_spec
                0x000000000021883c       0xcc common/built-in.o
                0x000000000021883c                env_relocate_spec
 .text.do_bmp   0x0000000000218908       0xd8 common/built-in.o
 .text.do_bmp_info
                0x00000000002189e0      0x108 common/built-in.o
 .text.bmp_display
                0x0000000000218ae8       0x40 common/built-in.o
                0x0000000000218ae8                bmp_display
 .text.do_bmp_display
                0x0000000000218b28       0xc0 common/built-in.o
 .text.do_exit  0x0000000000218be8       0x34 common/built-in.o
 .text.do_fat_size
                0x0000000000218c1c        0x8 common/built-in.o
                0x0000000000218c1c                do_fat_size
 .text.do_fat_fsload
                0x0000000000218c24        0x8 common/built-in.o
                0x0000000000218c24                do_fat_fsload
 .text.do_fat_ls
                0x0000000000218c2c        0x8 common/built-in.o
 .text.do_fat_fsinfo
                0x0000000000218c34       0x2c common/built-in.o
 .text.do_fat_fswrite
                0x0000000000218c60       0x14 common/built-in.o
 .text.fdt_valid
                0x0000000000218c74       0xcc common/built-in.o
 .text.is_printable_string.part.1
                0x0000000000218d40       0x84 common/built-in.o
 .text.print_data
                0x0000000000218dc4      0x1ec common/built-in.o
 .text.set_working_fdt_addr
                0x0000000000218fb0       0x18 common/built-in.o
                0x0000000000218fb0                set_working_fdt_addr
 .text.do_fdt   0x0000000000218fc8      0xea8 common/built-in.o
 .text.get_cells_len
                0x0000000000219e70       0x44 common/built-in.o
 .text.fdt_pack_reg
                0x0000000000219eb4       0xcc common/built-in.o
 .text.fdt_find_or_add_subnode.constprop.5
                0x0000000000219f80       0x80 common/built-in.o
 .text.fdt_getprop_u32_default_node
                0x000000000021a000       0x54 common/built-in.o
                0x000000000021a000                fdt_getprop_u32_default_node
 .text.fdt_find_and_setprop
                0x000000000021a054       0x94 common/built-in.o
                0x000000000021a054                fdt_find_and_setprop
 .text.fdt_initrd
                0x000000000021a0e8      0x1d0 common/built-in.o
                0x000000000021a0e8                fdt_initrd
 .text.fdt_chosen
                0x000000000021a2b8      0x12c common/built-in.o
                0x000000000021a2b8                fdt_chosen
 .text.do_fixup_by_path
                0x000000000021a3e4       0xd8 common/built-in.o
                0x000000000021a3e4                do_fixup_by_path
 .text.do_fixup_by_path_u32
                0x000000000021a4bc       0x28 common/built-in.o
                0x000000000021a4bc                do_fixup_by_path_u32
 .text.fdt_fixup_memory_banks
                0x000000000021a4e4      0x15c common/built-in.o
                0x000000000021a4e4                fdt_fixup_memory_banks
 .text.fdt_fixup_memory
                0x000000000021a640       0x28 common/built-in.o
                0x000000000021a640                fdt_fixup_memory
 .text.fdt_update_reserved_memory
                0x000000000021a668       0xb4 common/built-in.o
                0x000000000021a668                fdt_update_reserved_memory
 .text.fdt_fixup_ethernet
                0x000000000021a71c      0x1a8 common/built-in.o
                0x000000000021a71c                fdt_fixup_ethernet
 .text.fdt_shrink_to_minimum
                0x000000000021a8c4       0xc8 common/built-in.o
                0x000000000021a8c4                fdt_shrink_to_minimum
 .text.bin_data_init
                0x000000000021a98c       0x1c common/built-in.o
 .text.getcxmodem
                0x000000000021a9a8       0x24 common/built-in.o
 .text.load_serial_ymodem
                0x000000000021a9cc       0xe8 common/built-in.o
 .text.bin_data_char
                0x000000000021aab4       0x28 common/built-in.o
 .text.chk1.constprop.1
                0x000000000021aadc       0x34 common/built-in.o
 .text.s1_sendpacket.constprop.2
                0x000000000021ab10       0x5c common/built-in.o
 .text.load_serial
                0x000000000021ab6c      0x1f4 common/built-in.o
 .text.do_load_serial
                0x000000000021ad60       0xe4 common/built-in.o
 .text.do_load_serial_bin
                0x000000000021ae44      0x8c8 common/built-in.o
 .text.do_mem_loop
                0x000000000021b70c      0x144 common/built-in.o
 .text.do_mem_md
                0x000000000021b850       0xec common/built-in.o
 .text.do_mem_cmp
                0x000000000021b93c      0x1ac common/built-in.o
 .text.do_mem_base
                0x000000000021bae8       0x4c common/built-in.o
 .text.do_mem_mw
                0x000000000021bb34       0xfc common/built-in.o
 .text.do_mem_cp
                0x000000000021bc30      0x110 common/built-in.o
 .text.do_mem_crc
                0x000000000021bd40       0x40 common/built-in.o
 .text.mod_mem.isra.2
                0x000000000021bd80      0x1d4 common/built-in.o
 .text.do_mem_mm
                0x000000000021bf54        0x8 common/built-in.o
 .text.do_mem_nm
                0x000000000021bf5c        0x8 common/built-in.o
 .text.fbt_dwc3_rx_handler
                0x000000000021bf64       0x30 common/built-in.o
                0x000000000021bf64                fbt_dwc3_rx_handler
 .text.fbt_dwc3_tx_handler
                0x000000000021bf94       0x30 common/built-in.o
                0x000000000021bf94                fbt_dwc3_tx_handler
 .text.getvar_version
                0x000000000021bfc4        0xc common/built-in.o
 .text.getvar_version_baseband
                0x000000000021bfd0        0xc common/built-in.o
 .text.getvar_version_bootloader
                0x000000000021bfdc        0xc common/built-in.o
 .text.getvar_unlocked
                0x000000000021bfe8       0x24 common/built-in.o
 .text.getvar_secure
                0x000000000021c00c       0x24 common/built-in.o
 .text.getvar_product
                0x000000000021c030        0xc common/built-in.o
 .text.getvar_serialno
                0x000000000021c03c        0xc common/built-in.o
 .text.str2wide
                0x000000000021c048       0x98 common/built-in.o
 .text.getvar_checksum
                0x000000000021c0e0      0x158 common/built-in.o
 .text.getvar_partition_offset
                0x000000000021c238       0x60 common/built-in.o
 .text.getvar_partition_size
                0x000000000021c298       0x60 common/built-in.o
 .text.getvar_partition_type
                0x000000000021c2f8       0x84 common/built-in.o
 .text.fbt_handle_erase
                0x000000000021c37c       0xd8 common/built-in.o
 .text.fbt_write_bulk_ep
                0x000000000021c454       0x1c common/built-in.o
                0x000000000021c454                fbt_write_bulk_ep
 .text.fbt_handle_response
                0x000000000021c470       0x94 common/built-in.o
 .text.fbt_send_raw_info
                0x000000000021c504       0xf8 common/built-in.o
 .text.fbt_handle_reboot
                0x000000000021c5fc       0xb8 common/built-in.o
 .text.fbt_read_bulk_ep
                0x000000000021c6b4       0x20 common/built-in.o
                0x000000000021c6b4                fbt_read_bulk_ep
 .text.fbt_event_handler_for_dwc3
                0x000000000021c6d4       0x5c common/built-in.o
                0x000000000021c6d4                fbt_event_handler_for_dwc3
 .text.fbt_init_dwc3_udc_instance
                0x000000000021c730      0x1c4 common/built-in.o
                0x000000000021c730                fbt_init_dwc3_udc_instance
 .text.do_fastboot
                0x000000000021c8f4      0xa6c common/built-in.o
 .text.fbt_fastboot_init
                0x000000000021d360      0x148 common/built-in.o
                0x000000000021d360                fbt_fastboot_init
 .text.do_bootrk
                0x000000000021d4a8      0xa68 common/built-in.o
                0x000000000021d4a8                do_bootrk
 .text.dwc3_rx_handler
                0x000000000021df10       0x28 common/built-in.o
                0x000000000021df10                dwc3_rx_handler
 .text.dwc3_tx_handler
                0x000000000021df38       0x28 common/built-in.o
                0x000000000021df38                dwc3_tx_handler
 .text.rkusb_write_bulk_ep
                0x000000000021df60       0x18 common/built-in.o
                0x000000000021df60                rkusb_write_bulk_ep
 .text.rkusb_read_bulk_ep
                0x000000000021df78       0x1c common/built-in.o
                0x000000000021df78                rkusb_read_bulk_ep
 .text.rkusb_event_handler_for_dwc3
                0x000000000021df94       0xe0 common/built-in.o
                0x000000000021df94                rkusb_event_handler_for_dwc3
 .text.rkusb_send_csw
                0x000000000021e074       0xac common/built-in.o
 .text.init_dwc3_udc_instance
                0x000000000021e120      0x1e0 common/built-in.o
                0x000000000021e120                init_dwc3_udc_instance
 .text.do_rockusb_cmd
                0x000000000021e300      0x4a8 common/built-in.o
                0x000000000021e300                do_rockusb_cmd
 .text.rkusb_handle_datarx
                0x000000000021e7a8      0x204 common/built-in.o
                0x000000000021e7a8                rkusb_handle_datarx
 .text.rkusb_handle_datatx
                0x000000000021e9ac      0x258 common/built-in.o
                0x000000000021e9ac                rkusb_handle_datatx
 .text.do_rockusb
                0x000000000021ec04      0x224 common/built-in.o
                0x000000000021ec04                do_rockusb
 .text.get_entry_ram
                0x000000000021ee28      0x180 common/built-in.o
 .text.get_content_ram
                0x000000000021efa8       0x94 common/built-in.o
                0x000000000021efa8                get_content_ram
 .text.get_content
                0x000000000021f03c      0x30c common/built-in.o
                0x000000000021f03c                get_content
 .text.free_content
                0x000000000021f348       0x38 common/built-in.o
                0x000000000021f348                free_content
 .text.load_content_data
                0x000000000021f380       0x34 common/built-in.o
                0x000000000021f380                load_content_data
 .text.load_content
                0x000000000021f3b4       0x9c common/built-in.o
                0x000000000021f3b4                load_content
 .text.get_bmp_header
                0x000000000021f450       0xc4 common/built-in.o
                0x000000000021f450                get_bmp_header
 .text.load_bmp_content
                0x000000000021f514       0xbc common/built-in.o
                0x000000000021f514                load_bmp_content
 .text._show_resource_image
                0x000000000021f5d0      0x19c common/built-in.o
                0x000000000021f5d0                _show_resource_image
 .text.show_resource_image
                0x000000000021f76c       0x14 common/built-in.o
                0x000000000021f76c                show_resource_image
 .text.snip     0x000000000021f780       0x78 common/built-in.o
 .text.edid_check_info
                0x000000000021f7f8       0x5c common/built-in.o
                0x000000000021f7f8                edid_check_info
 .text.edid_get_timing
                0x000000000021f854      0x284 common/built-in.o
                0x000000000021f854                edid_get_timing
 .text.edid_print_info
                0x000000000021fad8      0x620 common/built-in.o
                0x000000000021fad8                edid_print_info
 .text.do_readreg
                0x00000000002200f8       0x90 common/built-in.o
 .text.do_writereg
                0x0000000000220188       0x64 common/built-in.o
 .text.do_mipi_dsi_read
                0x00000000002201ec       0x9c common/built-in.o
 .text.do_mipi_dsi_write
                0x0000000000220288       0xfc common/built-in.o
 .text.lcd_drawchars.constprop.2
                0x0000000000220384       0xf8 common/built-in.o
 .text.PiontBmp
                0x000000000022047c       0x90 common/built-in.o
                0x000000000022047c                PiontBmp
 .text.ShowChar
                0x000000000022050c      0x104 common/built-in.o
                0x000000000022050c                ShowChar
 .text.do_lcd_clear
                0x0000000000220610       0x84 common/built-in.o
 .text.lcd_get_size
                0x0000000000220694       0x2c common/built-in.o
                0x0000000000220694                lcd_get_size
 .text.lcd_sync
                0x00000000002206c0       0x40 common/built-in.o
                0x00000000002206c0                lcd_sync
 .text.console_scrollup
                0x0000000000220700       0xb0 common/built-in.o
 .text.lcd_putc
                0x00000000002207b0      0x1dc common/built-in.o
                0x00000000002207b0                lcd_putc
 .text.lcd_stub_putc
                0x000000000022098c        0x8 common/built-in.o
 .text.lcd_puts
                0x0000000000220994       0x48 common/built-in.o
                0x0000000000220994                lcd_puts
 .text.lcd_stub_puts
                0x00000000002209dc        0x8 common/built-in.o
 .text.lcd_get_buffer
                0x00000000002209e4       0x30 common/built-in.o
                0x00000000002209e4                lcd_get_buffer
 .text.lcd_enable_logo
                0x0000000000220a14        0xc common/built-in.o
                0x0000000000220a14                lcd_enable_logo
 .text.lcd_clear
                0x0000000000220a20       0x94 common/built-in.o
                0x0000000000220a20                lcd_clear
 .text.drv_lcd_init
                0x0000000000220ab4       0xf0 common/built-in.o
                0x0000000000220ab4                drv_lcd_init
 .text.lcd_display_bitmap
                0x0000000000220ba4      0x6e8 common/built-in.o
                0x0000000000220ba4                lcd_display_bitmap
 .text.lcd_display_bitmap_center
                0x000000000022128c       0xa0 common/built-in.o
                0x000000000022128c                lcd_display_bitmap_center
 .text.do_env_delete
                0x000000000022132c       0xdc common/built-in.o
 .text.do_env_save
                0x0000000000221408       0x30 common/built-in.o
                0x0000000000221408                do_env_save
 .text.do_env   0x0000000000221438       0x78 common/built-in.o
 .text.env_print
                0x00000000002214b0       0xd0 common/built-in.o
 .text.do_env_print
                0x0000000000221580       0xe4 common/built-in.o
 .text.do_env_import
                0x0000000000221664      0x270 common/built-in.o
 .text.do_env_default
                0x00000000002218d4       0xdc common/built-in.o
 .text._do_env_set.isra.1
                0x00000000002219b0      0x1f8 common/built-in.o
 .text.do_env_set
                0x0000000000221ba8       0x1c common/built-in.o
 .text.setenv   0x0000000000221bc4       0x54 common/built-in.o
                0x0000000000221bc4                setenv
 .text.setenv_ulong
                0x0000000000221c18       0x2c common/built-in.o
                0x0000000000221c18                setenv_ulong
 .text.setenv_hex
                0x0000000000221c44       0x3c common/built-in.o
                0x0000000000221c44                setenv_hex
 .text.do_env_export
                0x0000000000221c80      0x250 common/built-in.o
 .text.envmatch
                0x0000000000221ed0       0x84 common/built-in.o
                0x0000000000221ed0                envmatch
 .text.getenv_f
                0x0000000000221f54       0xec common/built-in.o
                0x0000000000221f54                getenv_f
 .text.getenv   0x0000000000222040       0x84 common/built-in.o
                0x0000000000222040                getenv
 .text.getenv_hex
                0x00000000002220c4       0x48 common/built-in.o
                0x00000000002220c4                getenv_hex
 .text.getenv_ulong
                0x000000000022210c       0x40 common/built-in.o
                0x000000000022210c                getenv_ulong
 .text.env_get_char_spec
                0x000000000022214c        0xc common/built-in.o
                0x000000000022214c                env_get_char_spec
 .text.env_get_addr
                0x0000000000222158       0x24 common/built-in.o
                0x0000000000222158                env_get_addr
 .text.env_get_char_memory
                0x000000000022217c       0x18 common/built-in.o
                0x000000000022217c                env_get_char_memory
 .text.env_get_char
                0x0000000000222194       0x28 common/built-in.o
                0x0000000000222194                env_get_char
 .text.getenv_yesno
                0x00000000002221bc       0x4c common/built-in.o
                0x00000000002221bc                getenv_yesno
 .text.getenv_default
                0x0000000000222208       0x3c common/built-in.o
                0x0000000000222208                getenv_default
 .text.set_default_env
                0x0000000000222244       0xc0 common/built-in.o
                0x0000000000222244                set_default_env
 .text.set_default_vars
                0x0000000000222304       0x2c common/built-in.o
                0x0000000000222304                set_default_vars
 .text.env_relocate
                0x0000000000222330       0x30 common/built-in.o
                0x0000000000222330                env_relocate
 .text.console_setfile
                0x0000000000222360       0xc0 common/built-in.o
 .text.serial_printf
                0x0000000000222420       0x90 common/built-in.o
                0x0000000000222420                serial_printf
 .text.puts     0x00000000002224b0       0x40 common/built-in.o
                0x00000000002224b0                puts
 .text.printf   0x00000000002224f0       0x9c common/built-in.o
                0x00000000002224f0                printf
 .text.putc     0x000000000022258c       0x44 common/built-in.o
                0x000000000022258c                putc
 .text.fgetc    0x00000000002225d0       0x34 common/built-in.o
                0x00000000002225d0                fgetc
 .text.getc     0x0000000000222604       0x20 common/built-in.o
                0x0000000000222604                getc
 .text.ftstc    0x0000000000222624       0x34 common/built-in.o
                0x0000000000222624                ftstc
 .text.tstc     0x0000000000222658       0x20 common/built-in.o
                0x0000000000222658                tstc
 .text.vprintf  0x0000000000222678       0x54 common/built-in.o
                0x0000000000222678                vprintf
 .text.ctrlc    0x00000000002226cc       0x58 common/built-in.o
                0x00000000002226cc                ctrlc
 .text.had_ctrlc
                0x0000000000222724        0xc common/built-in.o
                0x0000000000222724                had_ctrlc
 .text.clear_ctrlc
                0x0000000000222730        0xc common/built-in.o
                0x0000000000222730                clear_ctrlc
 .text.search_device
                0x000000000022273c       0x38 common/built-in.o
                0x000000000022273c                search_device
 .text.console_assign
                0x0000000000222774       0x60 common/built-in.o
                0x0000000000222774                console_assign
 .text.on_console
                0x00000000002227d4       0xc4 common/built-in.o
 .text.console_init_f
                0x0000000000222898       0x10 common/built-in.o
                0x0000000000222898                console_init_f
 .text.console_init_r
                0x00000000002228a8      0x180 common/built-in.o
                0x00000000002228a8                console_init_r
 .text.do_check_chunk
                0x0000000000222a28       0xfc common/built-in.o
 .text.do_check_free_chunk
                0x0000000000222b24      0x1e4 common/built-in.o
 .text.do_check_inuse_chunk
                0x0000000000222d08      0x14c common/built-in.o
 .text.do_check_malloced_chunk
                0x0000000000222e54      0x124 common/built-in.o
 .text.sbrk     0x0000000000222f78       0x74 common/built-in.o
                0x0000000000222f78                sbrk
 .text.mem_malloc_init
                0x0000000000222fec       0x58 common/built-in.o
                0x0000000000222fec                mem_malloc_init
 .text.malloc_trim
                0x0000000000223044       0xe8 common/built-in.o
                0x0000000000223044                malloc_trim
 .text.free     0x000000000022312c      0x27c common/built-in.o
                0x000000000022312c                free
 .text.malloc   0x00000000002233a8      0x6d0 common/built-in.o
                0x00000000002233a8                malloc
 .text.calloc   0x0000000000223a78       0xd8 common/built-in.o
                0x0000000000223a78                calloc
 .text.realloc  0x0000000000223b50      0x53c common/built-in.o
                0x0000000000223b50                realloc
 .text.memalign
                0x000000000022408c      0x16c common/built-in.o
                0x000000000022408c                memalign
 .text.on_loadaddr
                0x00000000002241f8       0x38 common/built-in.o
 .text.image_check_hcrc
                0x0000000000224230       0x50 common/built-in.o
                0x0000000000224230                image_check_hcrc
 .text.image_check_dcrc
                0x0000000000224280       0x44 common/built-in.o
                0x0000000000224280                image_check_dcrc
 .text.image_multi_count
                0x00000000002242c4       0x20 common/built-in.o
                0x00000000002242c4                image_multi_count
 .text.image_multi_getimg
                0x00000000002242e4       0xa0 common/built-in.o
                0x00000000002242e4                image_multi_getimg
 .text.getenv_bootm_low
                0x0000000000224384       0x30 common/built-in.o
                0x0000000000224384                getenv_bootm_low
 .text.getenv_bootm_size
                0x00000000002243b4       0x64 common/built-in.o
                0x00000000002243b4                getenv_bootm_size
 .text.getenv_bootm_mapsize
                0x0000000000224418       0x30 common/built-in.o